{
  "public_pages_scanned": 18,
  "public_posts_found": 74,
  "local_payload_posts": 92,
  "registry_posts": 179,
  "merged_posts_with_images": 69,
  "total_slides": 345,
  "telegram_full_posts": 1,
  "source_full_posts": 68,
  "telegram_preview_posts": 0,
  "posts_with_exactly_5_images": 69,
  "posts_with_non5_images": 0,
  "latest_message_id": 911,
  "earliest_message_id": 23,
  "grace_hours": 12,
  "pending_grace_posts": [],
  "excluded_nonpublic_registry_posts": [
    30,
    35,
    45,
    61,
    71,
    76,
    81,
    91,
    96,
    101,
    106,
    111,
    116,
    121,
    126,
    141,
    146,
    151,
    161,
    166,
    171,
    176,
    181,
    186,
    191,
    196,
    201,
    206,
    211,
    216,
    226,
    231,
    236,
    241,
    246,
    256,
    261,
    266,
    271,
    281,
    286,
    291,
    296,
    301,
    306,
    316,
    326,
    331,
    336,
    351,
    356,
    376,
    381,
    386,
    391,
    401,
    411,
    416,
    426,
    466,
    471,
    476,
    511,
    521,
    546,
    551,
    556,
    561,
    571,
    576,
    581,
    586,
    591,
    596,
    601,
    611,
    626,
    631,
    636,
    641,
    671,
    676,
    691,
    706,
    716,
    731,
    736,
    751,
    756,
    761,
    766,
    776,
    821,
    826,
    831,
    836,
    846,
    851,
    871,
    876,
    886,
    891,
    896,
    901,
    906,
    916,
    921,
    926,
    931,
    936,
    941
  ],
  "public_pages": [
    "https://t.me/s/SohoArchTimes",
    "https://t.me/s/SohoArchTimes?before=861",
    "https://t.me/s/SohoArchTimes?before=811",
    "https://t.me/s/SohoArchTimes?before=791",
    "https://t.me/s/SohoArchTimes?before=741",
    "https://t.me/s/SohoArchTimes?before=686",
    "https://t.me/s/SohoArchTimes?before=646",
    "https://t.me/s/SohoArchTimes?before=566",
    "https://t.me/s/SohoArchTimes?before=526",
    "https://t.me/s/SohoArchTimes?before=496",
    "https://t.me/s/SohoArchTimes?before=461",
    "https://t.me/s/SohoArchTimes?before=441",
    "https://t.me/s/SohoArchTimes?before=396",
    "https://t.me/s/SohoArchTimes?before=346",
    "https://t.me/s/SohoArchTimes?before=276",
    "https://t.me/s/SohoArchTimes?before=136",
    "https://t.me/s/SohoArchTimes?before=56",
    "https://t.me/s/SohoArchTimes?after=55"
  ]
}
