{
  "public_pages_scanned": 23,
  "public_posts_found": 96,
  "local_payload_posts": 92,
  "registry_posts": 173,
  "merged_posts_with_images": 90,
  "total_slides": 450,
  "telegram_full_posts": 0,
  "source_full_posts": 90,
  "telegram_preview_posts": 0,
  "posts_with_exactly_5_images": 90,
  "posts_with_non5_images": 0,
  "latest_message_id": 886,
  "earliest_message_id": 23,
  "grace_hours": 12,
  "pending_grace_posts": [
    906,
    911
  ],
  "excluded_nonpublic_registry_posts": [
    30,
    35,
    61,
    101,
    106,
    111,
    116,
    121,
    126,
    141,
    146,
    151,
    161,
    181,
    186,
    191,
    196,
    206,
    211,
    216,
    226,
    236,
    241,
    261,
    266,
    271,
    281,
    286,
    291,
    296,
    306,
    316,
    326,
    331,
    336,
    351,
    356,
    376,
    381,
    386,
    391,
    401,
    426,
    466,
    476,
    511,
    521,
    546,
    551,
    556,
    561,
    571,
    576,
    581,
    586,
    591,
    596,
    601,
    611,
    626,
    631,
    636,
    641,
    671,
    676,
    706,
    716,
    731,
    736,
    751,
    756,
    761,
    766,
    776,
    821,
    826,
    831,
    836,
    876,
    891,
    896,
    901
  ],
  "public_pages": [
    "https://t.me/s/SohoArchTimes",
    "https://t.me/s/SohoArchTimes?before=866",
    "https://t.me/s/SohoArchTimes?before=846",
    "https://t.me/s/SohoArchTimes?before=806",
    "https://t.me/s/SohoArchTimes?before=786",
    "https://t.me/s/SohoArchTimes?before=726",
    "https://t.me/s/SohoArchTimes?before=661",
    "https://t.me/s/SohoArchTimes?before=621",
    "https://t.me/s/SohoArchTimes?before=541",
    "https://t.me/s/SohoArchTimes?before=516",
    "https://t.me/s/SohoArchTimes?before=491",
    "https://t.me/s/SohoArchTimes?before=461",
    "https://t.me/s/SohoArchTimes?before=441",
    "https://t.me/s/SohoArchTimes?before=411",
    "https://t.me/s/SohoArchTimes?before=361",
    "https://t.me/s/SohoArchTimes?before=311",
    "https://t.me/s/SohoArchTimes?before=251",
    "https://t.me/s/SohoArchTimes?before=201",
    "https://t.me/s/SohoArchTimes?before=156",
    "https://t.me/s/SohoArchTimes?before=91",
    "https://t.me/s/SohoArchTimes?before=71",
    "https://t.me/s/SohoArchTimes?before=45",
    "https://t.me/s/SohoArchTimes?after=44"
  ]
}
