{
  "public_pages_scanned": 24,
  "public_posts_found": 99,
  "local_payload_posts": 92,
  "registry_posts": 178,
  "merged_posts_with_images": 94,
  "total_slides": 470,
  "telegram_full_posts": 4,
  "source_full_posts": 90,
  "telegram_preview_posts": 0,
  "posts_with_exactly_5_images": 94,
  "posts_with_non5_images": 0,
  "latest_message_id": 936,
  "earliest_message_id": 23,
  "grace_hours": 12,
  "pending_grace_posts": [],
  "excluded_nonpublic_registry_posts": [
    30,
    35,
    61,
    101,
    106,
    111,
    116,
    121,
    126,
    141,
    146,
    151,
    161,
    181,
    186,
    191,
    196,
    206,
    211,
    216,
    226,
    236,
    241,
    261,
    266,
    271,
    281,
    286,
    291,
    296,
    306,
    316,
    326,
    331,
    336,
    351,
    356,
    376,
    381,
    386,
    391,
    401,
    426,
    466,
    476,
    511,
    521,
    546,
    551,
    556,
    561,
    571,
    576,
    581,
    586,
    591,
    596,
    601,
    611,
    626,
    631,
    636,
    641,
    671,
    676,
    706,
    716,
    731,
    736,
    751,
    756,
    761,
    766,
    776,
    821,
    826,
    831,
    836,
    876,
    891,
    896,
    901,
    906,
    916,
    921
  ],
  "public_pages": [
    "https://t.me/s/SohoArchTimes",
    "https://t.me/s/SohoArchTimes?before=911",
    "https://t.me/s/SohoArchTimes?before=861",
    "https://t.me/s/SohoArchTimes?before=841",
    "https://t.me/s/SohoArchTimes?before=801",
    "https://t.me/s/SohoArchTimes?before=781",
    "https://t.me/s/SohoArchTimes?before=721",
    "https://t.me/s/SohoArchTimes?before=656",
    "https://t.me/s/SohoArchTimes?before=616",
    "https://t.me/s/SohoArchTimes?before=536",
    "https://t.me/s/SohoArchTimes?before=506",
    "https://t.me/s/SohoArchTimes?before=486",
    "https://t.me/s/SohoArchTimes?before=456",
    "https://t.me/s/SohoArchTimes?before=436",
    "https://t.me/s/SohoArchTimes?before=406",
    "https://t.me/s/SohoArchTimes?before=346",
    "https://t.me/s/SohoArchTimes?before=301",
    "https://t.me/s/SohoArchTimes?before=246",
    "https://t.me/s/SohoArchTimes?before=176",
    "https://t.me/s/SohoArchTimes?before=136",
    "https://t.me/s/SohoArchTimes?before=86",
    "https://t.me/s/SohoArchTimes?before=66",
    "https://t.me/s/SohoArchTimes?before=40",
    "https://t.me/s/SohoArchTimes?after=27"
  ]
}
