{
  "public_pages_scanned": 24,
  "public_posts_found": 98,
  "local_payload_posts": 92,
  "registry_posts": 175,
  "merged_posts_with_images": 91,
  "total_slides": 455,
  "telegram_full_posts": 1,
  "source_full_posts": 90,
  "telegram_preview_posts": 0,
  "posts_with_exactly_5_images": 91,
  "posts_with_non5_images": 0,
  "latest_message_id": 911,
  "earliest_message_id": 23,
  "grace_hours": 12,
  "pending_grace_posts": [
    916,
    921
  ],
  "excluded_nonpublic_registry_posts": [
    30,
    35,
    61,
    101,
    106,
    111,
    116,
    121,
    126,
    141,
    146,
    151,
    161,
    181,
    186,
    191,
    196,
    206,
    211,
    216,
    226,
    236,
    241,
    261,
    266,
    271,
    281,
    286,
    291,
    296,
    306,
    316,
    326,
    331,
    336,
    351,
    356,
    376,
    381,
    386,
    391,
    401,
    426,
    466,
    476,
    511,
    521,
    546,
    551,
    556,
    561,
    571,
    576,
    581,
    586,
    591,
    596,
    601,
    611,
    626,
    631,
    636,
    641,
    671,
    676,
    706,
    716,
    731,
    736,
    751,
    756,
    761,
    766,
    776,
    821,
    826,
    831,
    836,
    876,
    891,
    896,
    901,
    906
  ],
  "public_pages": [
    "https://t.me/s/SohoArchTimes",
    "https://t.me/s/SohoArchTimes?before=886",
    "https://t.me/s/SohoArchTimes?before=856",
    "https://t.me/s/SohoArchTimes?before=816",
    "https://t.me/s/SohoArchTimes?before=796",
    "https://t.me/s/SohoArchTimes?before=771",
    "https://t.me/s/SohoArchTimes?before=711",
    "https://t.me/s/SohoArchTimes?before=651",
    "https://t.me/s/SohoArchTimes?before=606",
    "https://t.me/s/SohoArchTimes?before=531",
    "https://t.me/s/SohoArchTimes?before=501",
    "https://t.me/s/SohoArchTimes?before=481",
    "https://t.me/s/SohoArchTimes?before=451",
    "https://t.me/s/SohoArchTimes?before=421",
    "https://t.me/s/SohoArchTimes?before=371",
    "https://t.me/s/SohoArchTimes?before=341",
    "https://t.me/s/SohoArchTimes?before=276",
    "https://t.me/s/SohoArchTimes?before=231",
    "https://t.me/s/SohoArchTimes?before=171",
    "https://t.me/s/SohoArchTimes?before=131",
    "https://t.me/s/SohoArchTimes?before=81",
    "https://t.me/s/SohoArchTimes?before=56",
    "https://t.me/s/SohoArchTimes?before=23",
    "https://t.me/s/SohoArchTimes?after=7"
  ]
}
